{
  "exclude": {
    "files": "package-lock.json|go.sum|^.secrets.baseline$",
    "lines": null
  },
  "generated_at": "2025-09-30T13:56:51Z",
  "plugins_used": [
    {
      "name": "AWSKeyDetector"
    },
    {
      "name": "ArtifactoryDetector"
    },
    {
      "name": "AzureStorageKeyDetector"
    },
    {
      "base64_limit": 4.5,
      "name": "Base64HighEntropyString"
    },
    {
      "name": "BasicAuthDetector"
    },
    {
      "name": "BoxDetector"
    },
    {
      "name": "CloudantDetector"
    },
    {
      "ghe_instance": "github.ibm.com",
      "name": "GheDetector"
    },
    {
      "name": "GitHubTokenDetector"
    },
    {
      "hex_limit": 3,
      "name": "HexHighEntropyString"
    },
    {
      "name": "IbmCloudIamDetector"
    },
    {
      "name": "IbmCosHmacDetector"
    },
    {
      "name": "JwtTokenDetector"
    },
    {
      "keyword_exclude": null,
      "name": "KeywordDetector"
    },
    {
      "name": "MailchimpDetector"
    },
    {
      "name": "NpmDetector"
    },
    {
      "name": "PrivateKeyDetector"
    },
    {
      "name": "SlackDetector"
    },
    {
      "name": "SoftlayerDetector"
    },
    {
      "name": "SquareOAuthDetector"
    },
    {
      "name": "StripeDetector"
    },
    {
      "name": "TwilioKeyDetector"
    }
  ],
  "results": {
    "Makefile": [
      {
        "hashed_secret": "93ac8946882128457cd9e283b30ca851945e6690",
        "is_secret": false,
        "is_verified": false,
        "line_number": 239,
        "type": "Secret Keyword",
        "verified_result": null
      }
    ],
    "config/samples/instana_v1_instanaagent_multiple_backends_external_keyssecret.yaml": [
      {
        "hashed_secret": "90c179e25b3da65c5bea4a355a7b6e8a308c0f1d",
        "is_secret": false,
        "is_verified": false,
        "line_number": 15,
        "type": "Secret Keyword",
        "verified_result": null
      }
    ],
    "controllers/controllers_test.go": [
      {
        "hashed_secret": "a596377e9220e225cebc88c86ae8fd046605fb62",
        "is_secret": false,
        "is_verified": false,
        "line_number": 126,
        "type": "Secret Keyword",
        "verified_result": null
      }
    ],
    "controllers/instanaagent_controller.go": [
      {
        "hashed_secret": "0505ee303edffbbcb314426728ca74ac30ad2e71",
        "is_secret": false,
        "is_verified": false,
        "line_number": 156,
        "type": "Secret Keyword",
        "verified_result": null
      }
    ],
    "controllers/remoteagent_controller.go": [
      {
        "hashed_secret": "0505ee303edffbbcb314426728ca74ac30ad2e71",
        "is_secret": false,
        "is_verified": false,
        "line_number": 112,
        "type": "Secret Keyword",
        "verified_result": null
      }
    ],
    "docs/external-keys-secret.md": [
      {
        "hashed_secret": "90c179e25b3da65c5bea4a355a7b6e8a308c0f1d",
        "is_secret": false,
        "is_verified": false,
        "line_number": 118,
        "type": "Secret Keyword",
        "verified_result": null
      }
    ],
    "e2e/agent_test_api.go": [
      {
        "hashed_secret": "b732fb611fd46a38e8667f9972e0cde777fbe37f",
        "is_secret": false,
        "is_verified": false,
        "line_number": 318,
        "type": "Secret Keyword",
        "verified_result": null
      },
      {
        "hashed_secret": "0505ee303edffbbcb314426728ca74ac30ad2e71",
        "is_secret": false,
        "is_verified": false,
        "line_number": 775,
        "type": "Secret Keyword",
        "verified_result": null
      }
    ],
    "e2e/config.go": [
      {
        "hashed_secret": "0178f29221fc921764a968c3ab620a3465db6529",
        "is_secret": false,
        "is_verified": false,
        "line_number": 118,
        "type": "Secret Keyword",
        "verified_result": null
      }
    ],
    "e2e/env_vars_test.go": [
      {
        "hashed_secret": "6d2a23dc63cd9ca596ea4396e5b492310e87165e",
        "is_secret": false,
        "is_verified": false,
        "line_number": 26,
        "type": "Secret Keyword",
        "verified_result": null
      },
      {
        "hashed_secret": "9fbd4024ebb2c7e2779a80aa127d560c62234e4f",
        "is_secret": false,
        "is_verified": false,
        "line_number": 48,
        "type": "Secret Keyword",
        "verified_result": null
      },
      {
        "hashed_secret": "62d6314bd936033553442d72fe8ce3b93ba8802d",
        "is_secret": false,
        "is_verified": false,
        "line_number": 59,
        "type": "Secret Keyword",
        "verified_result": null
      }
    ],
    "e2e/extra_volume_test.go": [
      {
        "hashed_secret": "9fbd4024ebb2c7e2779a80aa127d560c62234e4f",
        "is_secret": false,
        "is_verified": false,
        "line_number": 38,
        "type": "Secret Keyword",
        "verified_result": null
      },
      {
        "hashed_secret": "789cbe0407840b1c2041cb33452ff60f19bf58cc",
        "is_secret": false,
        "is_verified": false,
        "line_number": 45,
        "type": "Secret Keyword",
        "verified_result": null
      },
      {
        "hashed_secret": "62d6314bd936033553442d72fe8ce3b93ba8802d",
        "is_secret": false,
        "is_verified": false,
        "line_number": 49,
        "type": "Secret Keyword",
        "verified_result": null
      }
    ],
    "e2e/secret_mounts_test.go": [
      {
        "hashed_secret": "00e1a3d0061db0cffc682d08efda6e4f0edfd756",
        "is_secret": false,
        "is_verified": false,
        "line_number": 85,
        "type": "Secret Keyword",
        "verified_result": null
      },
      {
        "hashed_secret": "0505ee303edffbbcb314426728ca74ac30ad2e71",
        "is_secret": false,
        "is_verified": false,
        "line_number": 123,
        "type": "Secret Keyword",
        "verified_result": null
      },
      {
        "hashed_secret": "1e92d214c7b3714429986ccbb3829f0c0aef9823",
        "is_secret": false,
        "is_verified": false,
        "line_number": 771,
        "type": "Secret Keyword",
        "verified_result": null
      }
    ],
    "e2e/selective_monitoring_test.go": [
      {
        "hashed_secret": "347cd9c53ff77d41a7b22aa56c7b4efaf54658e3",
        "is_secret": false,
        "is_verified": false,
        "line_number": 225,
        "type": "Secret Keyword",
        "verified_result": null
      },
      {
        "hashed_secret": "62d6314bd936033553442d72fe8ce3b93ba8802d",
        "is_secret": false,
        "is_verified": false,
        "line_number": 233,
        "type": "Secret Keyword",
        "verified_result": null
      }
    ],
    "flake.lock": [
      {
        "hashed_secret": "68fca877ce4db7baae7c9c88f276ebd96160c518",
        "is_secret": false,
        "is_verified": false,
        "line_number": 6,
        "type": "Base64 High Entropy String",
        "verified_result": null
      },
      {
        "hashed_secret": "2b630add0effd5ec7a66b7ddb66134495ccea257",
        "is_secret": false,
        "is_verified": false,
        "line_number": 9,
        "type": "Hex High Entropy String",
        "verified_result": null
      }
    ],
    "pkg/k8s/object/builders/agent/secrets/config.go": [
      {
        "hashed_secret": "de11ae65b615005fc760f8ec4ed62bd0df1a851f",
        "is_secret": false,
        "is_verified": false,
        "line_number": 43,
        "type": "Secret Keyword",
        "verified_result": null
      },
      {
        "hashed_secret": "9fbd4024ebb2c7e2779a80aa127d560c62234e4f",
        "is_secret": false,
        "is_verified": false,
        "line_number": 63,
        "type": "Secret Keyword",
        "verified_result": null
      }
    ],
    "pkg/k8s/object/builders/agent/secrets/config_test.go": [
      {
        "hashed_secret": "9fbd4024ebb2c7e2779a80aa127d560c62234e4f",
        "is_secret": false,
        "is_verified": false,
        "line_number": 311,
        "type": "Secret Keyword",
        "verified_result": null
      },
      {
        "hashed_secret": "6b3e29e9ea63dea1aeb979874fc7d63e14aec3e3",
        "is_secret": false,
        "is_verified": false,
        "line_number": 340,
        "type": "Secret Keyword",
        "verified_result": null
      },
      {
        "hashed_secret": "1ea369d024cf68946c14ba4e194b6bbad048d6dc",
        "is_secret": false,
        "is_verified": false,
        "line_number": 352,
        "type": "Secret Keyword",
        "verified_result": null
      },
      {
        "hashed_secret": "f7653e854777c1b5869ee0df9ce76e1e2557248b",
        "is_secret": false,
        "is_verified": false,
        "line_number": 365,
        "type": "Secret Keyword",
        "verified_result": null
      },
      {
        "hashed_secret": "0505ee303edffbbcb314426728ca74ac30ad2e71",
        "is_secret": false,
        "is_verified": false,
        "line_number": 485,
        "type": "Secret Keyword",
        "verified_result": null
      }
    ],
    "pkg/k8s/object/builders/agent/secrets/container.go": [
      {
        "hashed_secret": "de11ae65b615005fc760f8ec4ed62bd0df1a851f",
        "is_secret": false,
        "is_verified": false,
        "line_number": 33,
        "type": "Secret Keyword",
        "verified_result": null
      }
    ],
    "pkg/k8s/object/builders/agent/secrets/container_test.go": [
      {
        "hashed_secret": "f7653e854777c1b5869ee0df9ce76e1e2557248b",
        "is_secret": false,
        "is_verified": false,
        "line_number": 74,
        "type": "Secret Keyword",
        "verified_result": null
      },
      {
        "hashed_secret": "9fbd4024ebb2c7e2779a80aa127d560c62234e4f",
        "is_secret": false,
        "is_verified": false,
        "line_number": 97,
        "type": "Secret Keyword",
        "verified_result": null
      }
    ],
    "pkg/k8s/object/builders/agent/secrets/keys-secret/secret_test.go": [
      {
        "hashed_secret": "4d55af37dbbb6a42088d917caa1ca25428ec42c9",
        "is_secret": false,
        "is_verified": false,
        "line_number": 53,
        "type": "Secret Keyword",
        "verified_result": null
      },
      {
        "hashed_secret": "de11ae65b615005fc760f8ec4ed62bd0df1a851f",
        "is_secret": false,
        "is_verified": false,
        "line_number": 75,
        "type": "Secret Keyword",
        "verified_result": null
      },
      {
        "hashed_secret": "2be54d8019d3f6cad56ca25309b11ba84b2d8979",
        "is_secret": false,
        "is_verified": false,
        "line_number": 230,
        "type": "Secret Keyword",
        "verified_result": null
      },
      {
        "hashed_secret": "ba8d2c26a7be9765d949c2f0571e26922a4a40a2",
        "is_secret": false,
        "is_verified": false,
        "line_number": 232,
        "type": "Secret Keyword",
        "verified_result": null
      },
      {
        "hashed_secret": "b1cb6dc70a414e738ea96774ec12177f802ac8de",
        "is_secret": false,
        "is_verified": false,
        "line_number": 391,
        "type": "Basic Auth Credentials",
        "verified_result": null
      },
      {
        "hashed_secret": "b1cb6dc70a414e738ea96774ec12177f802ac8de",
        "is_secret": false,
        "is_verified": false,
        "line_number": 454,
        "type": "Secret Keyword",
        "verified_result": null
      },
      {
        "hashed_secret": "9fbd4024ebb2c7e2779a80aa127d560c62234e4f",
        "is_secret": false,
        "is_verified": false,
        "line_number": 505,
        "type": "Secret Keyword",
        "verified_result": null
      }
    ],
    "pkg/k8s/object/builders/common/constants/constants.go": [
      {
        "hashed_secret": "b40f78bec53c058799c34429dcb7a6b71aede214",
        "is_secret": false,
        "is_verified": false,
        "line_number": 54,
        "type": "Secret Keyword",
        "verified_result": null
      },
      {
        "hashed_secret": "2b505c7c8129d7886fae3fc45e16f75fbf272bb3",
        "is_secret": false,
        "is_verified": false,
        "line_number": 56,
        "type": "Secret Keyword",
        "verified_result": null
      },
      {
        "hashed_secret": "2b1fafd9cfd6d650e2fcb3a9de5a972120734005",
        "is_secret": false,
        "is_verified": false,
        "line_number": 58,
        "type": "Secret Keyword",
        "verified_result": null
      },
      {
        "hashed_secret": "628be40fa383a080cb8f70f26842ffc7c63633be",
        "is_secret": false,
        "is_verified": false,
        "line_number": 65,
        "type": "Secret Keyword",
        "verified_result": null
      },
      {
        "hashed_secret": "58167ebca42a6f12573572022bebec82d2adc14c",
        "is_secret": false,
        "is_verified": false,
        "line_number": 68,
        "type": "Secret Keyword",
        "verified_result": null
      },
      {
        "hashed_secret": "2b72f9bea967068c7d0cb739c566f86d52fd09ce",
        "is_secret": false,
        "is_verified": false,
        "line_number": 70,
        "type": "Secret Keyword",
        "verified_result": null
      }
    ],
    "pkg/k8s/object/builders/common/env/env_builder_test.go": [
      {
        "hashed_secret": "34554b3862426bd4cdc1dee991749809b51f0c29",
        "is_secret": false,
        "is_verified": false,
        "line_number": 65,
        "type": "Secret Keyword",
        "verified_result": null
      },
      {
        "hashed_secret": "3e41e1dfd4e94903cd8f777b7186e2e5ec030717",
        "is_secret": false,
        "is_verified": false,
        "line_number": 138,
        "type": "Basic Auth Credentials",
        "verified_result": null
      },
      {
        "hashed_secret": "8bb6118f8fd6935ad0876a3be34a717d32708ffd",
        "is_secret": false,
        "is_verified": false,
        "line_number": 215,
        "type": "Secret Keyword",
        "verified_result": null
      },
      {
        "hashed_secret": "8bb6118f8fd6935ad0876a3be34a717d32708ffd",
        "is_secret": false,
        "is_verified": false,
        "line_number": 224,
        "type": "Basic Auth Credentials",
        "verified_result": null
      },
      {
        "hashed_secret": "2b1fafd9cfd6d650e2fcb3a9de5a972120734005",
        "is_secret": false,
        "is_verified": false,
        "line_number": 239,
        "type": "Secret Keyword",
        "verified_result": null
      },
      {
        "hashed_secret": "b40f78bec53c058799c34429dcb7a6b71aede214",
        "is_secret": false,
        "is_verified": false,
        "line_number": 293,
        "type": "Secret Keyword",
        "verified_result": null
      },
      {
        "hashed_secret": "2b505c7c8129d7886fae3fc45e16f75fbf272bb3",
        "is_secret": false,
        "is_verified": false,
        "line_number": 295,
        "type": "Secret Keyword",
        "verified_result": null
      }
    ],
    "pkg/k8s/object/builders/common/env/remote_env_builder_test.go": [
      {
        "hashed_secret": "2b505c7c8129d7886fae3fc45e16f75fbf272bb3",
        "is_secret": false,
        "is_verified": false,
        "line_number": 63,
        "type": "Secret Keyword",
        "verified_result": null
      },
      {
        "hashed_secret": "2b1fafd9cfd6d650e2fcb3a9de5a972120734005",
        "is_secret": false,
        "is_verified": false,
        "line_number": 66,
        "type": "Secret Keyword",
        "verified_result": null
      },
      {
        "hashed_secret": "b40f78bec53c058799c34429dcb7a6b71aede214",
        "is_secret": false,
        "is_verified": false,
        "line_number": 71,
        "type": "Secret Keyword",
        "verified_result": null
      },
      {
        "hashed_secret": "34554b3862426bd4cdc1dee991749809b51f0c29",
        "is_secret": false,
        "is_verified": false,
        "line_number": 76,
        "type": "Secret Keyword",
        "verified_result": null
      },
      {
        "hashed_secret": "3e41e1dfd4e94903cd8f777b7186e2e5ec030717",
        "is_secret": false,
        "is_verified": false,
        "line_number": 146,
        "type": "Basic Auth Credentials",
        "verified_result": null
      },
      {
        "hashed_secret": "8bb6118f8fd6935ad0876a3be34a717d32708ffd",
        "is_secret": false,
        "is_verified": false,
        "line_number": 222,
        "type": "Secret Keyword",
        "verified_result": null
      },
      {
        "hashed_secret": "8bb6118f8fd6935ad0876a3be34a717d32708ffd",
        "is_secret": false,
        "is_verified": false,
        "line_number": 231,
        "type": "Basic Auth Credentials",
        "verified_result": null
      }
    ],
    "pkg/k8s/object/builders/common/helpers/helpers_test.go": [
      {
        "hashed_secret": "757c53862d64946e0159f83c61382dd3169d133b",
        "is_secret": false,
        "is_verified": false,
        "line_number": 191,
        "type": "Secret Keyword",
        "verified_result": null
      },
      {
        "hashed_secret": "e34b3aa254f743103ad2e040882602af3187980e",
        "is_secret": false,
        "is_verified": false,
        "line_number": 200,
        "type": "Secret Keyword",
        "verified_result": null
      }
    ],
    "pkg/k8s/object/builders/common/helpers/remote_helpers_test.go": [
      {
        "hashed_secret": "757c53862d64946e0159f83c61382dd3169d133b",
        "is_secret": false,
        "is_verified": false,
        "line_number": 206,
        "type": "Secret Keyword",
        "verified_result": null
      },
      {
        "hashed_secret": "e34b3aa254f743103ad2e040882602af3187980e",
        "is_secret": false,
        "is_verified": false,
        "line_number": 215,
        "type": "Secret Keyword",
        "verified_result": null
      }
    ],
    "pkg/k8s/object/builders/common/volume/remote_volume_builder.go": [
      {
        "hashed_secret": "7cc3f717407355351c9184d91e27109c3b79427d",
        "is_secret": false,
        "is_verified": false,
        "line_number": 216,
        "type": "Secret Keyword",
        "verified_result": null
      }
    ],
    "pkg/k8s/object/builders/common/volume/remote_volume_builder_test.go": [
      {
        "hashed_secret": "1e92d214c7b3714429986ccbb3829f0c0aef9823",
        "is_secret": false,
        "is_verified": false,
        "line_number": 118,
        "type": "Secret Keyword",
        "verified_result": null
      },
      {
        "hashed_secret": "fe1bae27cb7c1fb823f496f286e78f1d2ae87734",
        "is_secret": false,
        "is_verified": false,
        "line_number": 163,
        "type": "Secret Keyword",
        "verified_result": null
      },
      {
        "hashed_secret": "8538ed8665126e095af63d902d722662054c23c9",
        "is_secret": false,
        "is_verified": false,
        "line_number": 165,
        "type": "Secret Keyword",
        "verified_result": null
      },
      {
        "hashed_secret": "062963e87f551a4a8a7ab8c8d4881fb24eca3dac",
        "is_secret": false,
        "is_verified": false,
        "line_number": 167,
        "type": "Secret Keyword",
        "verified_result": null
      }
    ],
    "pkg/k8s/object/builders/common/volume/volume_builder.go": [
      {
        "hashed_secret": "7cc3f717407355351c9184d91e27109c3b79427d",
        "is_secret": false,
        "is_verified": false,
        "line_number": 454,
        "type": "Secret Keyword",
        "verified_result": null
      }
    ],
    "pkg/k8s/object/builders/common/volume/volume_builder_test.go": [
      {
        "hashed_secret": "325778ab9d49a6df7bc13a83563bec2de2a84c95",
        "is_secret": false,
        "is_verified": false,
        "line_number": 377,
        "type": "Secret Keyword",
        "verified_result": null
      }
    ],
    "pkg/k8s/object/builders/k8s-sensor/deployment/deployment.go": [
      {
        "hashed_secret": "de11ae65b615005fc760f8ec4ed62bd0df1a851f",
        "is_secret": false,
        "is_verified": false,
        "line_number": 333,
        "type": "Secret Keyword",
        "verified_result": null
      }
    ],
    "pkg/k8s/object/builders/k8s-sensor/deployment/deployment_test.go": [
      {
        "hashed_secret": "2a2181890f272be78e265bfae30e021e0ac63556",
        "is_secret": false,
        "is_verified": false,
        "line_number": 287,
        "type": "Secret Keyword",
        "verified_result": null
      },
      {
        "hashed_secret": "fe1bae27cb7c1fb823f496f286e78f1d2ae87734",
        "is_secret": false,
        "is_verified": false,
        "line_number": 842,
        "type": "Secret Keyword",
        "verified_result": null
      },
      {
        "hashed_secret": "9fbd4024ebb2c7e2779a80aa127d560c62234e4f",
        "is_secret": false,
        "is_verified": false,
        "line_number": 880,
        "type": "Secret Keyword",
        "verified_result": null
      }
    ],
    "pkg/k8s/object/builders/remote-agent/deployment/deployment.go": [
      {
        "hashed_secret": "de11ae65b615005fc760f8ec4ed62bd0df1a851f",
        "is_secret": false,
        "is_verified": false,
        "line_number": 327,
        "type": "Secret Keyword",
        "verified_result": null
      }
    ],
    "pkg/k8s/object/builders/remote-agent/secrets/config.go": [
      {
        "hashed_secret": "de11ae65b615005fc760f8ec4ed62bd0df1a851f",
        "is_secret": false,
        "is_verified": false,
        "line_number": 54,
        "type": "Secret Keyword",
        "verified_result": null
      },
      {
        "hashed_secret": "9fbd4024ebb2c7e2779a80aa127d560c62234e4f",
        "is_secret": false,
        "is_verified": false,
        "line_number": 74,
        "type": "Secret Keyword",
        "verified_result": null
      }
    ],
    "pkg/k8s/object/builders/remote-agent/secrets/config_test.go": [
      {
        "hashed_secret": "9fbd4024ebb2c7e2779a80aa127d560c62234e4f",
        "is_secret": false,
        "is_verified": false,
        "line_number": 294,
        "type": "Secret Keyword",
        "verified_result": null
      },
      {
        "hashed_secret": "6b3e29e9ea63dea1aeb979874fc7d63e14aec3e3",
        "is_secret": false,
        "is_verified": false,
        "line_number": 322,
        "type": "Secret Keyword",
        "verified_result": null
      },
      {
        "hashed_secret": "1ea369d024cf68946c14ba4e194b6bbad048d6dc",
        "is_secret": false,
        "is_verified": false,
        "line_number": 334,
        "type": "Secret Keyword",
        "verified_result": null
      },
      {
        "hashed_secret": "f7653e854777c1b5869ee0df9ce76e1e2557248b",
        "is_secret": false,
        "is_verified": false,
        "line_number": 346,
        "type": "Secret Keyword",
        "verified_result": null
      }
    ],
    "pkg/k8s/object/builders/remote-agent/secrets/container.go": [
      {
        "hashed_secret": "de11ae65b615005fc760f8ec4ed62bd0df1a851f",
        "is_secret": false,
        "is_verified": false,
        "line_number": 45,
        "type": "Secret Keyword",
        "verified_result": null
      }
    ],
    "pkg/k8s/object/builders/remote-agent/secrets/container_test.go": [
      {
        "hashed_secret": "f7653e854777c1b5869ee0df9ce76e1e2557248b",
        "is_secret": false,
        "is_verified": false,
        "line_number": 85,
        "type": "Secret Keyword",
        "verified_result": null
      },
      {
        "hashed_secret": "9fbd4024ebb2c7e2779a80aa127d560c62234e4f",
        "is_secret": false,
        "is_verified": false,
        "line_number": 108,
        "type": "Secret Keyword",
        "verified_result": null
      }
    ],
    "pkg/k8s/object/builders/remote-agent/secrets/keys-secret/secret_test.go": [
      {
        "hashed_secret": "4d55af37dbbb6a42088d917caa1ca25428ec42c9",
        "is_secret": false,
        "is_verified": false,
        "line_number": 53,
        "type": "Secret Keyword",
        "verified_result": null
      },
      {
        "hashed_secret": "de11ae65b615005fc760f8ec4ed62bd0df1a851f",
        "is_secret": false,
        "is_verified": false,
        "line_number": 75,
        "type": "Secret Keyword",
        "verified_result": null
      },
      {
        "hashed_secret": "1e92d214c7b3714429986ccbb3829f0c0aef9823",
        "is_secret": false,
        "is_verified": false,
        "line_number": 154,
        "type": "Basic Auth Credentials",
        "verified_result": null
      },
      {
        "hashed_secret": "1e92d214c7b3714429986ccbb3829f0c0aef9823",
        "is_secret": false,
        "is_verified": false,
        "line_number": 183,
        "type": "Secret Keyword",
        "verified_result": null
      }
    ],
    "pkg/k8s/operator/status/agent_status_manager_test.go": [
      {
        "hashed_secret": "72dbb7a1a5fd02337cd8c96d9c29fbd3903b2568",
        "is_secret": false,
        "is_verified": false,
        "line_number": 64,
        "type": "Secret Keyword",
        "verified_result": null
      },
      {
        "hashed_secret": "2a2181890f272be78e265bfae30e021e0ac63556",
        "is_secret": false,
        "is_verified": false,
        "line_number": 190,
        "type": "Secret Keyword",
        "verified_result": null
      },
      {
        "hashed_secret": "c046043e5646ac642511397212144e8936fcb97f",
        "is_secret": false,
        "is_verified": false,
        "line_number": 267,
        "type": "Secret Keyword",
        "verified_result": null
      }
    ],
    "pkg/k8s/operator/status/helpers.go": [
      {
        "hashed_secret": "e283e1df945bccf5e009169e7d9f4115c9de7f05",
        "is_secret": false,
        "is_verified": false,
        "line_number": 170,
        "type": "Secret Keyword",
        "verified_result": null
      }
    ]
  },
  "version": "0.13.1+ibm.62.dss",
  "word_list": {
    "file": null,
    "hash": null
  }
}
